################################################################################
# Energy comparison.
################################################################################
# Col  Name  Description
################################################################################
# 1    index Structure index.
# 2    Eref  Reference potential energy per atom (training units).
# 3    Ennp  NNP potential energy per atom (training units).
################################################################################
#        1                2                3
#    index             Eref             Ennp
############################################
         0   4.35157429E+03  -9.99730691E-01
