################################################################################
# Learning curves for energies and forces.
################################################################################
# Col  Name             Description
################################################################################
# 1    epoch            Current epoch.
# 2    RMSEpa_Etrain_pu RMSE of training energies per atom (physical units)
# 3    RMSEpa_Etest_pu  RMSE of test energies per atom (physical units)
# 4    RMSE_Etrain_pu   RMSE of training energies (physical units)
# 5    RMSE_Etest_pu    RMSE of test energies (physical units)
# 6    MAEpa_Etrain_pu  MAE of training energies per atom (physical units)
# 7    MAEpa_Etest_pu   MAE of test energies per atom (physical units)
# 8    MAE_Etrain_pu    MAE of training energies (physical units)
# 9    MAE_Etest_pu     MAE of test energies (physical units)
# 10   RMSE_Ftrain_pu   RMSE of training forces (physical units)
# 11   RMSE_Ftest_pu    RMSE of test forces (physical units)
# 12   MAE_Ftrain_pu    MAE of training forces (physical units)
# 13   MAE_Ftest_pu     MAE of test forces (physical units)
######################################################################################################################################################################################################################
#        1                2                3                4                5                6                7                8                9               10               11               12               13
#    epoch RMSEpa_Etrain_pu  RMSEpa_Etest_pu   RMSE_Etrain_pu    RMSE_Etest_pu  MAEpa_Etrain_pu   MAEpa_Etest_pu    MAE_Etrain_pu     MAE_Etest_pu   RMSE_Ftrain_pu    RMSE_Ftest_pu    MAE_Ftrain_pu     MAE_Ftest_pu
######################################################################################################################################################################################################################
         0   4.56426893E-05   9.22607492E-05   2.33690569E-02   4.72375036E-02   2.85353239E-05   3.10597110E-05   1.46100858E-02   1.59025720E-02   3.72313001E-03   3.99219513E-03   1.75481033E-03   1.74977997E-03
         1   6.01644122E-04   6.00110030E-04   3.08041791E-01   3.07256335E-01   5.97447202E-04   5.95791673E-04   3.05892967E-01   3.05045336E-01   4.85359824E-03   5.25670930E-03   2.87816552E-03   2.88018695E-03
         2   3.17667491E-04   3.29233815E-04   1.62645755E-01   1.68567713E-01   3.11913555E-04   3.20447551E-04   1.59699740E-01   1.64069146E-01   4.31279161E-03   4.79709129E-03   2.42821689E-03   2.43523394E-03
         3   1.80819895E-04   2.00655829E-04   9.25797861E-02   1.02735785E-01   1.76212653E-04   1.84269047E-04   9.02208783E-02   9.43457521E-02   4.06520683E-03   4.60694859E-03   2.16640207E-03   2.18078767E-03
         4   6.07655679E-05   1.11939777E-04   3.11119708E-02   5.73131661E-02   4.84488595E-05   5.67279326E-05   2.48058160E-02   2.90447015E-02   3.84643898E-03   4.41661282E-03   1.93109762E-03   1.95547596E-03
         5   8.04313354E-05   1.23157015E-04   4.11808437E-02   6.30563914E-02   7.08761953E-05   8.03673017E-05   3.62886120E-02   4.11480585E-02   3.82622001E-03   4.40531076E-03   1.89364512E-03   1.91772771E-03
         6   4.58839372E-05   1.06750173E-04   2.34925758E-02   5.46560886E-02   3.02807497E-05   3.83025903E-05   1.55037438E-02   1.96109262E-02   3.73682525E-03   4.36296070E-03   1.80563328E-03   1.83515110E-03
         7   6.47221850E-05   1.15508833E-04   3.31377587E-02   5.91405227E-02   5.45679818E-05   6.39005288E-05   2.79388067E-02   3.27170708E-02   3.73509236E-03   4.35266518E-03   1.80583880E-03   1.83663709E-03
         8   5.91973574E-05   1.13144295E-04   3.03090470E-02   5.79298790E-02   4.73211041E-05   5.53223245E-05   2.42284053E-02   2.83250301E-02   3.70687927E-03   4.33702030E-03   1.78080386E-03   1.80960438E-03
         9   1.27770049E-04   1.61191490E-04   6.54182649E-02   8.25300430E-02   1.20537824E-04   1.26340475E-04   6.17153660E-02   6.46863234E-02   3.70392342E-03   4.36908115E-03   1.77851076E-03   1.81254625E-03
        10   4.66855584E-05   1.04571360E-04   2.39030059E-02   5.35405363E-02   3.25888618E-05   3.96993319E-05   1.66854972E-02   2.03260579E-02   3.66929527E-03   4.33697272E-03   1.75133938E-03   1.78315934E-03
        11   4.40389492E-05   1.04682716E-04   2.25479420E-02   5.35975503E-02   2.83337044E-05   3.46589922E-05   1.45068567E-02   1.77454040E-02   3.65508596E-03   4.31873164E-03   1.73792497E-03   1.76957672E-03
        12   5.19843532E-05   1.09135272E-04   2.66159888E-02   5.58772592E-02   3.67839793E-05   4.16605670E-05   1.88333974E-02   2.13302103E-02   3.64588735E-03   4.31059277E-03   1.72206162E-03   1.75565186E-03
        13   4.56088522E-05   1.08603442E-04   2.33517323E-02   5.56049623E-02   2.92750973E-05   3.62346300E-05   1.49888498E-02   1.85521306E-02   3.63346942E-03   4.30292266E-03   1.71603418E-03   1.75096402E-03
        14   4.66943392E-05   1.10036894E-04   2.39075017E-02   5.63388898E-02   2.84667297E-05   3.44243261E-05   1.45749656E-02   1.76252549E-02   3.63339924E-03   4.32803952E-03   1.71303854E-03   1.75228539E-03
        15   4.46125610E-05   1.07157843E-04   2.28416312E-02   5.48648154E-02   2.81665006E-05   3.44424365E-05   1.44212483E-02   1.76345275E-02   3.61981499E-03   4.30871169E-03   1.71004546E-03   1.74861211E-03
        16   4.51699921E-05   1.08227994E-04   2.31270360E-02   5.54127328E-02   2.87092671E-05   3.57638757E-05   1.46991447E-02   1.83111043E-02   3.62174795E-03   4.32249903E-03   1.72577721E-03   1.76565774E-03
        17   1.34247236E-04   1.68559158E-04   6.87345850E-02   8.63022888E-02   1.27101348E-04   1.32705876E-04   6.50758903E-02   6.79454084E-02   3.63073174E-03   4.33469740E-03   1.74338783E-03   1.78519496E-03
        18   1.62868264E-04   1.93478644E-04   8.33885512E-02   9.90610659E-02   1.56853825E-04   1.62197072E-04   8.03091584E-02   8.30449006E-02   3.60720465E-03   4.35462040E-03   1.71490070E-03   1.76136862E-03
        19   1.31796041E-04   1.64440619E-04   6.74795731E-02   8.41935971E-02   1.24720268E-04   1.29798766E-04   6.38567771E-02   6.64569682E-02   3.60029570E-03   4.37460407E-03   1.70901481E-03   1.76041542E-03
        20   9.41401195E-05   1.31139320E-04   4.81997412E-02   6.71433319E-02   8.81288457E-05   9.58750041E-05   4.51219690E-02   4.90880021E-02   3.60637772E-03   4.38951093E-03   1.72761984E-03   1.77903677E-03
